// Jest Snapshot v1, https://goo.gl/fbAQLP

exports[`VueSimpleIcon should render custom size icon 1`] = `"<svg fill=\\"#39A85B\\" width=\\"100\\" height=\\"100\\" viewBox=\\"0 0 24 24\\" xmlns=\\"http://www.w3.org/2000/svg\\"><title>Travis CI icon</title><path d=\\"M15.044 12.42l.015.01c.12 0 .225-.106.21-.226 0-.122-.1-.22-.22-.22h-.006c-.122-.002-.222.094-.226.215v.01c0 .12.106.224.226.21zM9.23 12.15h-.017c-.122 0-.22.102-.217.223v.007c.002.122.104.22.227.218h.003c.126-.002.227-.105.226-.23-.002-.123-.1-.22-.223-.22zM10.264 15.675l1.79.136 1.665-.352c.12-.024.24 0 .34.07l1.228.84 1.26.118c.135-.3.24-.63.314-.96h-.06l-3.42-.464c-.163-.02-.302-.13-.36-.285l-.614-1.77c-.075-.046-.465-.016-.645.074l-.63 1.71c-.043.147-.165.258-.315.286l-3.345.78-.06.015c.12.406.285.796.48 1.186l1.02-.285-.033-.038 1.054-.944c.09-.083.21-.124.33-.113z\\"></path><path d=\\"M16.893 17.37l-.078.034-1.73-.17c-.07-.016-.138-.04-.202-.075l-1.155-.796-1.53.315c-.045 0-.075.013-.12 0l-1.665-.137-.99.886c-.046.042-.103.073-.165.09l-1.785.51c-.074.014-.15.014-.225 0l1.05 1.184 3.495-.495.3-.616c.06-.113.163-.2.285-.24.123-.032.254-.01.36.06l1.32.886 2.94-.675.63-1.005-.526.21c-.075.014-.135.03-.21.03zM12.418 19.348l.002.012c-.067.13-.192.22-.336.24l-1.12.158c.353.105.72.16 1.102.16.507-.002 1.01-.104 1.477-.3l-.945-.63-.18.36zM6.103 11.783h.002l.42 2.44.93.704 2.915-.675.585-1.647c.032-.083.088-.156.16-.21.05-.034.503-.35 1.065-.35.66 0 .948.426.98.477l.587 1.676 2.98.408.925-.64.615-2.136c-3.974-.9-8.19-.914-12.164-.047zm3 1.84l.002-.01h-.27c-.424 0-.698-.018-.94.11.01-.017.117-.25.496-.347-.05-.13-.074-.267-.074-.404-.026-.686.4-1.25.837-1.256.438 0 .742.555.75 1.245.006.692-.36.647-.8.662zm5.99-2.09v.017c.44-.015.84.525.892 1.216.02.145 0 .292-.05.428.403-.047.5.23.5.244-.294-.15-.618.03-1.204.047-.442.015-.806.015-.833-.676-.025-.69.26-1.26.696-1.276z\\"></path><path d=\\"M12 0C5.373 0 0 5.373 0 12s5.373 12 12 12 12-5.373 12-12S18.627 0 12 0zm8.098 10.38c-.06.57-.195 1.064-.42 1.454-.104.18-.3.255-.494.21l-.045-.015h-.017l-.045-.016-.645 2.294c-.03.107-.094.2-.18.27l-.466.33v.135c-.06.39-.15.78-.255 1.155l.886-.33c.18-.075.374-.015.51.135.122.147.134.357.03.52l-1.41 2.278c-.06.1-.157.17-.27.2l-1.74.404c-.99.875-2.205 1.4-3.48 1.4L12 20.746h-.01c-.988 0-1.903-.31-2.698-.82l-1.245.174h-.06c-.127 0-.247-.045-.337-.15l-2.52-2.82c-.137-.155-.15-.384-.03-.554.125-.165.346-.228.54-.15l1.11.466c-.237-.51-.407-1.065-.507-1.605-.005-.05-.005-.1 0-.15l-.51-.39c-.096-.06-.156-.165-.17-.285l-.43-2.535-.34.09c-.04.015-.074.015-.12.015-.155-.003-.297-.09-.374-.225-.226-.39-.37-.87-.42-1.455-.062-.615-.022-1.125.128-1.5.038-.117.126-.21.24-.255.387-.165.78-.3 1.182-.435.585-2.775 3.343-4.847 6.553-4.847s5.97 2.07 6.555 4.86c.39.135.78.27 1.17.435.118.044.212.137.255.256.15.388.195.898.135 1.513z\\"></path><path d=\\"M18.163 9.092l.075-.074h-.014c-.098 0-.192-.03-.27-.086-1.165-.362-2.36-.615-3.57-.755-.232-.014-.408-.213-.395-.444 0-.012 0-.024.003-.036.013-.102.06-.188.126-.257-.053.02-.11.034-.17.034h-.824v.675c.21.044.36.224.36.434l-.033-.025v1.106c0 .244-.21.444-.45.444H11.19c-.24 0-.44-.21-.44-.45V8.55c0-.214.15-.39.35-.435v-.66h-.824c-.243-.003-.437-.203-.434-.446V5.545c0-.245.21-.443.45-.443h3.658c.245 0 .444.21.444.45v1.47c0 .125-.05.236-.128.317.066-.026.14-.042.223-.033 1.05.135 2.083.33 3.09.615-.707-2.13-2.957-3.66-5.55-3.66-2.597 0-4.847 1.53-5.55 3.675.913-.255 1.86-.435 2.803-.57.255-.03.465.15.495.39.03.24-.15.465-.39.495-1.14.15-2.25.404-3.33.734-.044.03-.097.046-.15.045-.375.12-.735.256-1.11.406-.045.21-.06.51-.015.945.03.316.09.57.18.81 4.624-1.154 9.46-1.154 14.085 0 .075-.224.136-.494.165-.794.03-.375.03-.69-.03-.93-.337-.13-.677-.256-1.02-.374z\\"></path><path d=\\"M14.12 7.44c.056-.024.105-.058.146-.1-.057.022-.105.056-.146.1zM10.725 6.567h.15c.007-.238.203-.428.44-.427h.235c.246 0 .446.2.446.444V8.55c0 .213-.15.39-.36.435v.23h.93v-.23c-.208-.042-.356-.224-.355-.435V6.585c0-.246.21-.446.45-.446h.24c.24 0 .437.19.45.427h.134v-.58h-2.76v.58z\\"></path></svg>"`;

exports[`VueSimpleIcon should render error if name is invalid 1`] = `"<svg width=\\"24\\" height=\\"24\\" viewBox=\\"0 0 24 24\\" xmlns=\\"http://www.w3.org/2000/svg\\"><title>Icon not found</title><circle cx=\\"12\\" cy=\\"12\\" r=\\"12\\" fill=\\"red\\"></circle><line x1=\\"12\\" y1=\\"20\\" x2=\\"12\\" y2=\\"20\\" stroke=\\"#fff\\" fill=\\"none\\" stroke-width=\\"2\\" stroke-linecap=\\"round\\" stroke-miterlimit=\\"10\\"></line><line x1=\\"12\\" y1=\\"5\\" x2=\\"12\\" y2=\\"15\\" stroke=\\"#fff\\" fill=\\"none\\" stroke-width=\\"2\\" stroke-linecap=\\"round\\" stroke-miterlimit=\\"10\\"></line></svg>"`;

exports[`VueSimpleIcon should use custom size for error if the icon has a custom size 1`] = `"<svg width=\\"48\\" height=\\"48\\" viewBox=\\"0 0 24 24\\" xmlns=\\"http://www.w3.org/2000/svg\\"><title>Icon not found</title><circle cx=\\"12\\" cy=\\"12\\" r=\\"12\\" fill=\\"red\\"></circle><line x1=\\"12\\" y1=\\"20\\" x2=\\"12\\" y2=\\"20\\" stroke=\\"#fff\\" fill=\\"none\\" stroke-width=\\"2\\" stroke-linecap=\\"round\\" stroke-miterlimit=\\"10\\"></line><line x1=\\"12\\" y1=\\"5\\" x2=\\"12\\" y2=\\"15\\" stroke=\\"#fff\\" fill=\\"none\\" stroke-width=\\"2\\" stroke-linecap=\\"round\\" stroke-miterlimit=\\"10\\"></line></svg>"`;

exports[`VueSimpleIcon should render icon 1`] = `"<svg fill=\\"#4285F4\\" width=\\"24\\" height=\\"24\\" viewBox=\\"0 0 24 24\\" xmlns=\\"http://www.w3.org/2000/svg\\"><title>Google icon</title><path d=\\"M12.24 10.285V14.4h6.806c-.275 1.765-2.056 5.174-6.806 5.174-4.095 0-7.439-3.389-7.439-7.574s3.345-7.574 7.439-7.574c2.33 0 3.891.989 4.785 1.849l3.254-3.138C18.189 1.186 15.479 0 12.24 0c-6.635 0-12 5.365-12 12s5.365 12 12 12c6.926 0 11.52-4.869 11.52-11.726 0-.788-.085-1.39-.189-1.989H12.24z\\"></path></svg>"`;

exports[`VueSimpleIcon should render icon with custom title 1`] = `"<svg fill=\\"#39A85B\\" width=\\"24\\" height=\\"24\\" viewBox=\\"0 0 24 24\\" xmlns=\\"http://www.w3.org/2000/svg\\"><title>Build passed</title><path d=\\"M15.044 12.42l.015.01c.12 0 .225-.106.21-.226 0-.122-.1-.22-.22-.22h-.006c-.122-.002-.222.094-.226.215v.01c0 .12.106.224.226.21zM9.23 12.15h-.017c-.122 0-.22.102-.217.223v.007c.002.122.104.22.227.218h.003c.126-.002.227-.105.226-.23-.002-.123-.1-.22-.223-.22zM10.264 15.675l1.79.136 1.665-.352c.12-.024.24 0 .34.07l1.228.84 1.26.118c.135-.3.24-.63.314-.96h-.06l-3.42-.464c-.163-.02-.302-.13-.36-.285l-.614-1.77c-.075-.046-.465-.016-.645.074l-.63 1.71c-.043.147-.165.258-.315.286l-3.345.78-.06.015c.12.406.285.796.48 1.186l1.02-.285-.033-.038 1.054-.944c.09-.083.21-.124.33-.113z\\"></path><path d=\\"M16.893 17.37l-.078.034-1.73-.17c-.07-.016-.138-.04-.202-.075l-1.155-.796-1.53.315c-.045 0-.075.013-.12 0l-1.665-.137-.99.886c-.046.042-.103.073-.165.09l-1.785.51c-.074.014-.15.014-.225 0l1.05 1.184 3.495-.495.3-.616c.06-.113.163-.2.285-.24.123-.032.254-.01.36.06l1.32.886 2.94-.675.63-1.005-.526.21c-.075.014-.135.03-.21.03zM12.418 19.348l.002.012c-.067.13-.192.22-.336.24l-1.12.158c.353.105.72.16 1.102.16.507-.002 1.01-.104 1.477-.3l-.945-.63-.18.36zM6.103 11.783h.002l.42 2.44.93.704 2.915-.675.585-1.647c.032-.083.088-.156.16-.21.05-.034.503-.35 1.065-.35.66 0 .948.426.98.477l.587 1.676 2.98.408.925-.64.615-2.136c-3.974-.9-8.19-.914-12.164-.047zm3 1.84l.002-.01h-.27c-.424 0-.698-.018-.94.11.01-.017.117-.25.496-.347-.05-.13-.074-.267-.074-.404-.026-.686.4-1.25.837-1.256.438 0 .742.555.75 1.245.006.692-.36.647-.8.662zm5.99-2.09v.017c.44-.015.84.525.892 1.216.02.145 0 .292-.05.428.403-.047.5.23.5.244-.294-.15-.618.03-1.204.047-.442.015-.806.015-.833-.676-.025-.69.26-1.26.696-1.276z\\"></path><path d=\\"M12 0C5.373 0 0 5.373 0 12s5.373 12 12 12 12-5.373 12-12S18.627 0 12 0zm8.098 10.38c-.06.57-.195 1.064-.42 1.454-.104.18-.3.255-.494.21l-.045-.015h-.017l-.045-.016-.645 2.294c-.03.107-.094.2-.18.27l-.466.33v.135c-.06.39-.15.78-.255 1.155l.886-.33c.18-.075.374-.015.51.135.122.147.134.357.03.52l-1.41 2.278c-.06.1-.157.17-.27.2l-1.74.404c-.99.875-2.205 1.4-3.48 1.4L12 20.746h-.01c-.988 0-1.903-.31-2.698-.82l-1.245.174h-.06c-.127 0-.247-.045-.337-.15l-2.52-2.82c-.137-.155-.15-.384-.03-.554.125-.165.346-.228.54-.15l1.11.466c-.237-.51-.407-1.065-.507-1.605-.005-.05-.005-.1 0-.15l-.51-.39c-.096-.06-.156-.165-.17-.285l-.43-2.535-.34.09c-.04.015-.074.015-.12.015-.155-.003-.297-.09-.374-.225-.226-.39-.37-.87-.42-1.455-.062-.615-.022-1.125.128-1.5.038-.117.126-.21.24-.255.387-.165.78-.3 1.182-.435.585-2.775 3.343-4.847 6.553-4.847s5.97 2.07 6.555 4.86c.39.135.78.27 1.17.435.118.044.212.137.255.256.15.388.195.898.135 1.513z\\"></path><path d=\\"M18.163 9.092l.075-.074h-.014c-.098 0-.192-.03-.27-.086-1.165-.362-2.36-.615-3.57-.755-.232-.014-.408-.213-.395-.444 0-.012 0-.024.003-.036.013-.102.06-.188.126-.257-.053.02-.11.034-.17.034h-.824v.675c.21.044.36.224.36.434l-.033-.025v1.106c0 .244-.21.444-.45.444H11.19c-.24 0-.44-.21-.44-.45V8.55c0-.214.15-.39.35-.435v-.66h-.824c-.243-.003-.437-.203-.434-.446V5.545c0-.245.21-.443.45-.443h3.658c.245 0 .444.21.444.45v1.47c0 .125-.05.236-.128.317.066-.026.14-.042.223-.033 1.05.135 2.083.33 3.09.615-.707-2.13-2.957-3.66-5.55-3.66-2.597 0-4.847 1.53-5.55 3.675.913-.255 1.86-.435 2.803-.57.255-.03.465.15.495.39.03.24-.15.465-.39.495-1.14.15-2.25.404-3.33.734-.044.03-.097.046-.15.045-.375.12-.735.256-1.11.406-.045.21-.06.51-.015.945.03.316.09.57.18.81 4.624-1.154 9.46-1.154 14.085 0 .075-.224.136-.494.165-.794.03-.375.03-.69-.03-.93-.337-.13-.677-.256-1.02-.374z\\"></path><path d=\\"M14.12 7.44c.056-.024.105-.058.146-.1-.057.022-.105.056-.146.1zM10.725 6.567h.15c.007-.238.203-.428.44-.427h.235c.246 0 .446.2.446.444V8.55c0 .213-.15.39-.36.435v.23h.93v-.23c-.208-.042-.356-.224-.355-.435V6.585c0-.246.21-.446.45-.446h.24c.24 0 .437.19.45.427h.134v-.58h-2.76v.58z\\"></path></svg>"`;

exports[`VueSimpleIcon should render icon with multiple paths 1`] = `"<svg fill=\\"#39A85B\\" width=\\"24\\" height=\\"24\\" viewBox=\\"0 0 24 24\\" xmlns=\\"http://www.w3.org/2000/svg\\"><title>Travis CI icon</title><path d=\\"M15.044 12.42l.015.01c.12 0 .225-.106.21-.226 0-.122-.1-.22-.22-.22h-.006c-.122-.002-.222.094-.226.215v.01c0 .12.106.224.226.21zM9.23 12.15h-.017c-.122 0-.22.102-.217.223v.007c.002.122.104.22.227.218h.003c.126-.002.227-.105.226-.23-.002-.123-.1-.22-.223-.22zM10.264 15.675l1.79.136 1.665-.352c.12-.024.24 0 .34.07l1.228.84 1.26.118c.135-.3.24-.63.314-.96h-.06l-3.42-.464c-.163-.02-.302-.13-.36-.285l-.614-1.77c-.075-.046-.465-.016-.645.074l-.63 1.71c-.043.147-.165.258-.315.286l-3.345.78-.06.015c.12.406.285.796.48 1.186l1.02-.285-.033-.038 1.054-.944c.09-.083.21-.124.33-.113z\\"></path><path d=\\"M16.893 17.37l-.078.034-1.73-.17c-.07-.016-.138-.04-.202-.075l-1.155-.796-1.53.315c-.045 0-.075.013-.12 0l-1.665-.137-.99.886c-.046.042-.103.073-.165.09l-1.785.51c-.074.014-.15.014-.225 0l1.05 1.184 3.495-.495.3-.616c.06-.113.163-.2.285-.24.123-.032.254-.01.36.06l1.32.886 2.94-.675.63-1.005-.526.21c-.075.014-.135.03-.21.03zM12.418 19.348l.002.012c-.067.13-.192.22-.336.24l-1.12.158c.353.105.72.16 1.102.16.507-.002 1.01-.104 1.477-.3l-.945-.63-.18.36zM6.103 11.783h.002l.42 2.44.93.704 2.915-.675.585-1.647c.032-.083.088-.156.16-.21.05-.034.503-.35 1.065-.35.66 0 .948.426.98.477l.587 1.676 2.98.408.925-.64.615-2.136c-3.974-.9-8.19-.914-12.164-.047zm3 1.84l.002-.01h-.27c-.424 0-.698-.018-.94.11.01-.017.117-.25.496-.347-.05-.13-.074-.267-.074-.404-.026-.686.4-1.25.837-1.256.438 0 .742.555.75 1.245.006.692-.36.647-.8.662zm5.99-2.09v.017c.44-.015.84.525.892 1.216.02.145 0 .292-.05.428.403-.047.5.23.5.244-.294-.15-.618.03-1.204.047-.442.015-.806.015-.833-.676-.025-.69.26-1.26.696-1.276z\\"></path><path d=\\"M12 0C5.373 0 0 5.373 0 12s5.373 12 12 12 12-5.373 12-12S18.627 0 12 0zm8.098 10.38c-.06.57-.195 1.064-.42 1.454-.104.18-.3.255-.494.21l-.045-.015h-.017l-.045-.016-.645 2.294c-.03.107-.094.2-.18.27l-.466.33v.135c-.06.39-.15.78-.255 1.155l.886-.33c.18-.075.374-.015.51.135.122.147.134.357.03.52l-1.41 2.278c-.06.1-.157.17-.27.2l-1.74.404c-.99.875-2.205 1.4-3.48 1.4L12 20.746h-.01c-.988 0-1.903-.31-2.698-.82l-1.245.174h-.06c-.127 0-.247-.045-.337-.15l-2.52-2.82c-.137-.155-.15-.384-.03-.554.125-.165.346-.228.54-.15l1.11.466c-.237-.51-.407-1.065-.507-1.605-.005-.05-.005-.1 0-.15l-.51-.39c-.096-.06-.156-.165-.17-.285l-.43-2.535-.34.09c-.04.015-.074.015-.12.015-.155-.003-.297-.09-.374-.225-.226-.39-.37-.87-.42-1.455-.062-.615-.022-1.125.128-1.5.038-.117.126-.21.24-.255.387-.165.78-.3 1.182-.435.585-2.775 3.343-4.847 6.553-4.847s5.97 2.07 6.555 4.86c.39.135.78.27 1.17.435.118.044.212.137.255.256.15.388.195.898.135 1.513z\\"></path><path d=\\"M18.163 9.092l.075-.074h-.014c-.098 0-.192-.03-.27-.086-1.165-.362-2.36-.615-3.57-.755-.232-.014-.408-.213-.395-.444 0-.012 0-.024.003-.036.013-.102.06-.188.126-.257-.053.02-.11.034-.17.034h-.824v.675c.21.044.36.224.36.434l-.033-.025v1.106c0 .244-.21.444-.45.444H11.19c-.24 0-.44-.21-.44-.45V8.55c0-.214.15-.39.35-.435v-.66h-.824c-.243-.003-.437-.203-.434-.446V5.545c0-.245.21-.443.45-.443h3.658c.245 0 .444.21.444.45v1.47c0 .125-.05.236-.128.317.066-.026.14-.042.223-.033 1.05.135 2.083.33 3.09.615-.707-2.13-2.957-3.66-5.55-3.66-2.597 0-4.847 1.53-5.55 3.675.913-.255 1.86-.435 2.803-.57.255-.03.465.15.495.39.03.24-.15.465-.39.495-1.14.15-2.25.404-3.33.734-.044.03-.097.046-.15.045-.375.12-.735.256-1.11.406-.045.21-.06.51-.015.945.03.316.09.57.18.81 4.624-1.154 9.46-1.154 14.085 0 .075-.224.136-.494.165-.794.03-.375.03-.69-.03-.93-.337-.13-.677-.256-1.02-.374z\\"></path><path d=\\"M14.12 7.44c.056-.024.105-.058.146-.1-.057.022-.105.056-.146.1zM10.725 6.567h.15c.007-.238.203-.428.44-.427h.235c.246 0 .446.2.446.444V8.55c0 .213-.15.39-.36.435v.23h.93v-.23c-.208-.042-.356-.224-.355-.435V6.585c0-.246.21-.446.45-.446h.24c.24 0 .437.19.45.427h.134v-.58h-2.76v.58z\\"></path></svg>"`;

exports[`VueSimpleIcon should render large icon 1`] = `"<svg fill=\\"#39A85B\\" width=\\"36\\" height=\\"36\\" viewBox=\\"0 0 24 24\\" xmlns=\\"http://www.w3.org/2000/svg\\"><title>Travis CI icon</title><path d=\\"M15.044 12.42l.015.01c.12 0 .225-.106.21-.226 0-.122-.1-.22-.22-.22h-.006c-.122-.002-.222.094-.226.215v.01c0 .12.106.224.226.21zM9.23 12.15h-.017c-.122 0-.22.102-.217.223v.007c.002.122.104.22.227.218h.003c.126-.002.227-.105.226-.23-.002-.123-.1-.22-.223-.22zM10.264 15.675l1.79.136 1.665-.352c.12-.024.24 0 .34.07l1.228.84 1.26.118c.135-.3.24-.63.314-.96h-.06l-3.42-.464c-.163-.02-.302-.13-.36-.285l-.614-1.77c-.075-.046-.465-.016-.645.074l-.63 1.71c-.043.147-.165.258-.315.286l-3.345.78-.06.015c.12.406.285.796.48 1.186l1.02-.285-.033-.038 1.054-.944c.09-.083.21-.124.33-.113z\\"></path><path d=\\"M16.893 17.37l-.078.034-1.73-.17c-.07-.016-.138-.04-.202-.075l-1.155-.796-1.53.315c-.045 0-.075.013-.12 0l-1.665-.137-.99.886c-.046.042-.103.073-.165.09l-1.785.51c-.074.014-.15.014-.225 0l1.05 1.184 3.495-.495.3-.616c.06-.113.163-.2.285-.24.123-.032.254-.01.36.06l1.32.886 2.94-.675.63-1.005-.526.21c-.075.014-.135.03-.21.03zM12.418 19.348l.002.012c-.067.13-.192.22-.336.24l-1.12.158c.353.105.72.16 1.102.16.507-.002 1.01-.104 1.477-.3l-.945-.63-.18.36zM6.103 11.783h.002l.42 2.44.93.704 2.915-.675.585-1.647c.032-.083.088-.156.16-.21.05-.034.503-.35 1.065-.35.66 0 .948.426.98.477l.587 1.676 2.98.408.925-.64.615-2.136c-3.974-.9-8.19-.914-12.164-.047zm3 1.84l.002-.01h-.27c-.424 0-.698-.018-.94.11.01-.017.117-.25.496-.347-.05-.13-.074-.267-.074-.404-.026-.686.4-1.25.837-1.256.438 0 .742.555.75 1.245.006.692-.36.647-.8.662zm5.99-2.09v.017c.44-.015.84.525.892 1.216.02.145 0 .292-.05.428.403-.047.5.23.5.244-.294-.15-.618.03-1.204.047-.442.015-.806.015-.833-.676-.025-.69.26-1.26.696-1.276z\\"></path><path d=\\"M12 0C5.373 0 0 5.373 0 12s5.373 12 12 12 12-5.373 12-12S18.627 0 12 0zm8.098 10.38c-.06.57-.195 1.064-.42 1.454-.104.18-.3.255-.494.21l-.045-.015h-.017l-.045-.016-.645 2.294c-.03.107-.094.2-.18.27l-.466.33v.135c-.06.39-.15.78-.255 1.155l.886-.33c.18-.075.374-.015.51.135.122.147.134.357.03.52l-1.41 2.278c-.06.1-.157.17-.27.2l-1.74.404c-.99.875-2.205 1.4-3.48 1.4L12 20.746h-.01c-.988 0-1.903-.31-2.698-.82l-1.245.174h-.06c-.127 0-.247-.045-.337-.15l-2.52-2.82c-.137-.155-.15-.384-.03-.554.125-.165.346-.228.54-.15l1.11.466c-.237-.51-.407-1.065-.507-1.605-.005-.05-.005-.1 0-.15l-.51-.39c-.096-.06-.156-.165-.17-.285l-.43-2.535-.34.09c-.04.015-.074.015-.12.015-.155-.003-.297-.09-.374-.225-.226-.39-.37-.87-.42-1.455-.062-.615-.022-1.125.128-1.5.038-.117.126-.21.24-.255.387-.165.78-.3 1.182-.435.585-2.775 3.343-4.847 6.553-4.847s5.97 2.07 6.555 4.86c.39.135.78.27 1.17.435.118.044.212.137.255.256.15.388.195.898.135 1.513z\\"></path><path d=\\"M18.163 9.092l.075-.074h-.014c-.098 0-.192-.03-.27-.086-1.165-.362-2.36-.615-3.57-.755-.232-.014-.408-.213-.395-.444 0-.012 0-.024.003-.036.013-.102.06-.188.126-.257-.053.02-.11.034-.17.034h-.824v.675c.21.044.36.224.36.434l-.033-.025v1.106c0 .244-.21.444-.45.444H11.19c-.24 0-.44-.21-.44-.45V8.55c0-.214.15-.39.35-.435v-.66h-.824c-.243-.003-.437-.203-.434-.446V5.545c0-.245.21-.443.45-.443h3.658c.245 0 .444.21.444.45v1.47c0 .125-.05.236-.128.317.066-.026.14-.042.223-.033 1.05.135 2.083.33 3.09.615-.707-2.13-2.957-3.66-5.55-3.66-2.597 0-4.847 1.53-5.55 3.675.913-.255 1.86-.435 2.803-.57.255-.03.465.15.495.39.03.24-.15.465-.39.495-1.14.15-2.25.404-3.33.734-.044.03-.097.046-.15.045-.375.12-.735.256-1.11.406-.045.21-.06.51-.015.945.03.316.09.57.18.81 4.624-1.154 9.46-1.154 14.085 0 .075-.224.136-.494.165-.794.03-.375.03-.69-.03-.93-.337-.13-.677-.256-1.02-.374z\\"></path><path d=\\"M14.12 7.44c.056-.024.105-.058.146-.1-.057.022-.105.056-.146.1zM10.725 6.567h.15c.007-.238.203-.428.44-.427h.235c.246 0 .446.2.446.444V8.55c0 .213-.15.39-.36.435v.23h.93v-.23c-.208-.042-.356-.224-.355-.435V6.585c0-.246.21-.446.45-.446h.24c.24 0 .437.19.45.427h.134v-.58h-2.76v.58z\\"></path></svg>"`;

exports[`VueSimpleIcon should render medium icon 1`] = `"<svg fill=\\"#39A85B\\" width=\\"24\\" height=\\"24\\" viewBox=\\"0 0 24 24\\" xmlns=\\"http://www.w3.org/2000/svg\\"><title>Travis CI icon</title><path d=\\"M15.044 12.42l.015.01c.12 0 .225-.106.21-.226 0-.122-.1-.22-.22-.22h-.006c-.122-.002-.222.094-.226.215v.01c0 .12.106.224.226.21zM9.23 12.15h-.017c-.122 0-.22.102-.217.223v.007c.002.122.104.22.227.218h.003c.126-.002.227-.105.226-.23-.002-.123-.1-.22-.223-.22zM10.264 15.675l1.79.136 1.665-.352c.12-.024.24 0 .34.07l1.228.84 1.26.118c.135-.3.24-.63.314-.96h-.06l-3.42-.464c-.163-.02-.302-.13-.36-.285l-.614-1.77c-.075-.046-.465-.016-.645.074l-.63 1.71c-.043.147-.165.258-.315.286l-3.345.78-.06.015c.12.406.285.796.48 1.186l1.02-.285-.033-.038 1.054-.944c.09-.083.21-.124.33-.113z\\"></path><path d=\\"M16.893 17.37l-.078.034-1.73-.17c-.07-.016-.138-.04-.202-.075l-1.155-.796-1.53.315c-.045 0-.075.013-.12 0l-1.665-.137-.99.886c-.046.042-.103.073-.165.09l-1.785.51c-.074.014-.15.014-.225 0l1.05 1.184 3.495-.495.3-.616c.06-.113.163-.2.285-.24.123-.032.254-.01.36.06l1.32.886 2.94-.675.63-1.005-.526.21c-.075.014-.135.03-.21.03zM12.418 19.348l.002.012c-.067.13-.192.22-.336.24l-1.12.158c.353.105.72.16 1.102.16.507-.002 1.01-.104 1.477-.3l-.945-.63-.18.36zM6.103 11.783h.002l.42 2.44.93.704 2.915-.675.585-1.647c.032-.083.088-.156.16-.21.05-.034.503-.35 1.065-.35.66 0 .948.426.98.477l.587 1.676 2.98.408.925-.64.615-2.136c-3.974-.9-8.19-.914-12.164-.047zm3 1.84l.002-.01h-.27c-.424 0-.698-.018-.94.11.01-.017.117-.25.496-.347-.05-.13-.074-.267-.074-.404-.026-.686.4-1.25.837-1.256.438 0 .742.555.75 1.245.006.692-.36.647-.8.662zm5.99-2.09v.017c.44-.015.84.525.892 1.216.02.145 0 .292-.05.428.403-.047.5.23.5.244-.294-.15-.618.03-1.204.047-.442.015-.806.015-.833-.676-.025-.69.26-1.26.696-1.276z\\"></path><path d=\\"M12 0C5.373 0 0 5.373 0 12s5.373 12 12 12 12-5.373 12-12S18.627 0 12 0zm8.098 10.38c-.06.57-.195 1.064-.42 1.454-.104.18-.3.255-.494.21l-.045-.015h-.017l-.045-.016-.645 2.294c-.03.107-.094.2-.18.27l-.466.33v.135c-.06.39-.15.78-.255 1.155l.886-.33c.18-.075.374-.015.51.135.122.147.134.357.03.52l-1.41 2.278c-.06.1-.157.17-.27.2l-1.74.404c-.99.875-2.205 1.4-3.48 1.4L12 20.746h-.01c-.988 0-1.903-.31-2.698-.82l-1.245.174h-.06c-.127 0-.247-.045-.337-.15l-2.52-2.82c-.137-.155-.15-.384-.03-.554.125-.165.346-.228.54-.15l1.11.466c-.237-.51-.407-1.065-.507-1.605-.005-.05-.005-.1 0-.15l-.51-.39c-.096-.06-.156-.165-.17-.285l-.43-2.535-.34.09c-.04.015-.074.015-.12.015-.155-.003-.297-.09-.374-.225-.226-.39-.37-.87-.42-1.455-.062-.615-.022-1.125.128-1.5.038-.117.126-.21.24-.255.387-.165.78-.3 1.182-.435.585-2.775 3.343-4.847 6.553-4.847s5.97 2.07 6.555 4.86c.39.135.78.27 1.17.435.118.044.212.137.255.256.15.388.195.898.135 1.513z\\"></path><path d=\\"M18.163 9.092l.075-.074h-.014c-.098 0-.192-.03-.27-.086-1.165-.362-2.36-.615-3.57-.755-.232-.014-.408-.213-.395-.444 0-.012 0-.024.003-.036.013-.102.06-.188.126-.257-.053.02-.11.034-.17.034h-.824v.675c.21.044.36.224.36.434l-.033-.025v1.106c0 .244-.21.444-.45.444H11.19c-.24 0-.44-.21-.44-.45V8.55c0-.214.15-.39.35-.435v-.66h-.824c-.243-.003-.437-.203-.434-.446V5.545c0-.245.21-.443.45-.443h3.658c.245 0 .444.21.444.45v1.47c0 .125-.05.236-.128.317.066-.026.14-.042.223-.033 1.05.135 2.083.33 3.09.615-.707-2.13-2.957-3.66-5.55-3.66-2.597 0-4.847 1.53-5.55 3.675.913-.255 1.86-.435 2.803-.57.255-.03.465.15.495.39.03.24-.15.465-.39.495-1.14.15-2.25.404-3.33.734-.044.03-.097.046-.15.045-.375.12-.735.256-1.11.406-.045.21-.06.51-.015.945.03.316.09.57.18.81 4.624-1.154 9.46-1.154 14.085 0 .075-.224.136-.494.165-.794.03-.375.03-.69-.03-.93-.337-.13-.677-.256-1.02-.374z\\"></path><path d=\\"M14.12 7.44c.056-.024.105-.058.146-.1-.057.022-.105.056-.146.1zM10.725 6.567h.15c.007-.238.203-.428.44-.427h.235c.246 0 .446.2.446.444V8.55c0 .213-.15.39-.36.435v.23h.93v-.23c-.208-.042-.356-.224-.355-.435V6.585c0-.246.21-.446.45-.446h.24c.24 0 .437.19.45.427h.134v-.58h-2.76v.58z\\"></path></svg>"`;

exports[`VueSimpleIcon should render medium icon by default 1`] = `"<svg fill=\\"#39A85B\\" width=\\"24\\" height=\\"24\\" viewBox=\\"0 0 24 24\\" xmlns=\\"http://www.w3.org/2000/svg\\"><title>Travis CI icon</title><path d=\\"M15.044 12.42l.015.01c.12 0 .225-.106.21-.226 0-.122-.1-.22-.22-.22h-.006c-.122-.002-.222.094-.226.215v.01c0 .12.106.224.226.21zM9.23 12.15h-.017c-.122 0-.22.102-.217.223v.007c.002.122.104.22.227.218h.003c.126-.002.227-.105.226-.23-.002-.123-.1-.22-.223-.22zM10.264 15.675l1.79.136 1.665-.352c.12-.024.24 0 .34.07l1.228.84 1.26.118c.135-.3.24-.63.314-.96h-.06l-3.42-.464c-.163-.02-.302-.13-.36-.285l-.614-1.77c-.075-.046-.465-.016-.645.074l-.63 1.71c-.043.147-.165.258-.315.286l-3.345.78-.06.015c.12.406.285.796.48 1.186l1.02-.285-.033-.038 1.054-.944c.09-.083.21-.124.33-.113z\\"></path><path d=\\"M16.893 17.37l-.078.034-1.73-.17c-.07-.016-.138-.04-.202-.075l-1.155-.796-1.53.315c-.045 0-.075.013-.12 0l-1.665-.137-.99.886c-.046.042-.103.073-.165.09l-1.785.51c-.074.014-.15.014-.225 0l1.05 1.184 3.495-.495.3-.616c.06-.113.163-.2.285-.24.123-.032.254-.01.36.06l1.32.886 2.94-.675.63-1.005-.526.21c-.075.014-.135.03-.21.03zM12.418 19.348l.002.012c-.067.13-.192.22-.336.24l-1.12.158c.353.105.72.16 1.102.16.507-.002 1.01-.104 1.477-.3l-.945-.63-.18.36zM6.103 11.783h.002l.42 2.44.93.704 2.915-.675.585-1.647c.032-.083.088-.156.16-.21.05-.034.503-.35 1.065-.35.66 0 .948.426.98.477l.587 1.676 2.98.408.925-.64.615-2.136c-3.974-.9-8.19-.914-12.164-.047zm3 1.84l.002-.01h-.27c-.424 0-.698-.018-.94.11.01-.017.117-.25.496-.347-.05-.13-.074-.267-.074-.404-.026-.686.4-1.25.837-1.256.438 0 .742.555.75 1.245.006.692-.36.647-.8.662zm5.99-2.09v.017c.44-.015.84.525.892 1.216.02.145 0 .292-.05.428.403-.047.5.23.5.244-.294-.15-.618.03-1.204.047-.442.015-.806.015-.833-.676-.025-.69.26-1.26.696-1.276z\\"></path><path d=\\"M12 0C5.373 0 0 5.373 0 12s5.373 12 12 12 12-5.373 12-12S18.627 0 12 0zm8.098 10.38c-.06.57-.195 1.064-.42 1.454-.104.18-.3.255-.494.21l-.045-.015h-.017l-.045-.016-.645 2.294c-.03.107-.094.2-.18.27l-.466.33v.135c-.06.39-.15.78-.255 1.155l.886-.33c.18-.075.374-.015.51.135.122.147.134.357.03.52l-1.41 2.278c-.06.1-.157.17-.27.2l-1.74.404c-.99.875-2.205 1.4-3.48 1.4L12 20.746h-.01c-.988 0-1.903-.31-2.698-.82l-1.245.174h-.06c-.127 0-.247-.045-.337-.15l-2.52-2.82c-.137-.155-.15-.384-.03-.554.125-.165.346-.228.54-.15l1.11.466c-.237-.51-.407-1.065-.507-1.605-.005-.05-.005-.1 0-.15l-.51-.39c-.096-.06-.156-.165-.17-.285l-.43-2.535-.34.09c-.04.015-.074.015-.12.015-.155-.003-.297-.09-.374-.225-.226-.39-.37-.87-.42-1.455-.062-.615-.022-1.125.128-1.5.038-.117.126-.21.24-.255.387-.165.78-.3 1.182-.435.585-2.775 3.343-4.847 6.553-4.847s5.97 2.07 6.555 4.86c.39.135.78.27 1.17.435.118.044.212.137.255.256.15.388.195.898.135 1.513z\\"></path><path d=\\"M18.163 9.092l.075-.074h-.014c-.098 0-.192-.03-.27-.086-1.165-.362-2.36-.615-3.57-.755-.232-.014-.408-.213-.395-.444 0-.012 0-.024.003-.036.013-.102.06-.188.126-.257-.053.02-.11.034-.17.034h-.824v.675c.21.044.36.224.36.434l-.033-.025v1.106c0 .244-.21.444-.45.444H11.19c-.24 0-.44-.21-.44-.45V8.55c0-.214.15-.39.35-.435v-.66h-.824c-.243-.003-.437-.203-.434-.446V5.545c0-.245.21-.443.45-.443h3.658c.245 0 .444.21.444.45v1.47c0 .125-.05.236-.128.317.066-.026.14-.042.223-.033 1.05.135 2.083.33 3.09.615-.707-2.13-2.957-3.66-5.55-3.66-2.597 0-4.847 1.53-5.55 3.675.913-.255 1.86-.435 2.803-.57.255-.03.465.15.495.39.03.24-.15.465-.39.495-1.14.15-2.25.404-3.33.734-.044.03-.097.046-.15.045-.375.12-.735.256-1.11.406-.045.21-.06.51-.015.945.03.316.09.57.18.81 4.624-1.154 9.46-1.154 14.085 0 .075-.224.136-.494.165-.794.03-.375.03-.69-.03-.93-.337-.13-.677-.256-1.02-.374z\\"></path><path d=\\"M14.12 7.44c.056-.024.105-.058.146-.1-.057.022-.105.056-.146.1zM10.725 6.567h.15c.007-.238.203-.428.44-.427h.235c.246 0 .446.2.446.444V8.55c0 .213-.15.39-.36.435v.23h.93v-.23c-.208-.042-.356-.224-.355-.435V6.585c0-.246.21-.446.45-.446h.24c.24 0 .437.19.45.427h.134v-.58h-2.76v.58z\\"></path></svg>"`;

exports[`VueSimpleIcon should render small icon 1`] = `"<svg fill=\\"#39A85B\\" width=\\"12\\" height=\\"12\\" viewBox=\\"0 0 24 24\\" xmlns=\\"http://www.w3.org/2000/svg\\"><title>Travis CI icon</title><path d=\\"M15.044 12.42l.015.01c.12 0 .225-.106.21-.226 0-.122-.1-.22-.22-.22h-.006c-.122-.002-.222.094-.226.215v.01c0 .12.106.224.226.21zM9.23 12.15h-.017c-.122 0-.22.102-.217.223v.007c.002.122.104.22.227.218h.003c.126-.002.227-.105.226-.23-.002-.123-.1-.22-.223-.22zM10.264 15.675l1.79.136 1.665-.352c.12-.024.24 0 .34.07l1.228.84 1.26.118c.135-.3.24-.63.314-.96h-.06l-3.42-.464c-.163-.02-.302-.13-.36-.285l-.614-1.77c-.075-.046-.465-.016-.645.074l-.63 1.71c-.043.147-.165.258-.315.286l-3.345.78-.06.015c.12.406.285.796.48 1.186l1.02-.285-.033-.038 1.054-.944c.09-.083.21-.124.33-.113z\\"></path><path d=\\"M16.893 17.37l-.078.034-1.73-.17c-.07-.016-.138-.04-.202-.075l-1.155-.796-1.53.315c-.045 0-.075.013-.12 0l-1.665-.137-.99.886c-.046.042-.103.073-.165.09l-1.785.51c-.074.014-.15.014-.225 0l1.05 1.184 3.495-.495.3-.616c.06-.113.163-.2.285-.24.123-.032.254-.01.36.06l1.32.886 2.94-.675.63-1.005-.526.21c-.075.014-.135.03-.21.03zM12.418 19.348l.002.012c-.067.13-.192.22-.336.24l-1.12.158c.353.105.72.16 1.102.16.507-.002 1.01-.104 1.477-.3l-.945-.63-.18.36zM6.103 11.783h.002l.42 2.44.93.704 2.915-.675.585-1.647c.032-.083.088-.156.16-.21.05-.034.503-.35 1.065-.35.66 0 .948.426.98.477l.587 1.676 2.98.408.925-.64.615-2.136c-3.974-.9-8.19-.914-12.164-.047zm3 1.84l.002-.01h-.27c-.424 0-.698-.018-.94.11.01-.017.117-.25.496-.347-.05-.13-.074-.267-.074-.404-.026-.686.4-1.25.837-1.256.438 0 .742.555.75 1.245.006.692-.36.647-.8.662zm5.99-2.09v.017c.44-.015.84.525.892 1.216.02.145 0 .292-.05.428.403-.047.5.23.5.244-.294-.15-.618.03-1.204.047-.442.015-.806.015-.833-.676-.025-.69.26-1.26.696-1.276z\\"></path><path d=\\"M12 0C5.373 0 0 5.373 0 12s5.373 12 12 12 12-5.373 12-12S18.627 0 12 0zm8.098 10.38c-.06.57-.195 1.064-.42 1.454-.104.18-.3.255-.494.21l-.045-.015h-.017l-.045-.016-.645 2.294c-.03.107-.094.2-.18.27l-.466.33v.135c-.06.39-.15.78-.255 1.155l.886-.33c.18-.075.374-.015.51.135.122.147.134.357.03.52l-1.41 2.278c-.06.1-.157.17-.27.2l-1.74.404c-.99.875-2.205 1.4-3.48 1.4L12 20.746h-.01c-.988 0-1.903-.31-2.698-.82l-1.245.174h-.06c-.127 0-.247-.045-.337-.15l-2.52-2.82c-.137-.155-.15-.384-.03-.554.125-.165.346-.228.54-.15l1.11.466c-.237-.51-.407-1.065-.507-1.605-.005-.05-.005-.1 0-.15l-.51-.39c-.096-.06-.156-.165-.17-.285l-.43-2.535-.34.09c-.04.015-.074.015-.12.015-.155-.003-.297-.09-.374-.225-.226-.39-.37-.87-.42-1.455-.062-.615-.022-1.125.128-1.5.038-.117.126-.21.24-.255.387-.165.78-.3 1.182-.435.585-2.775 3.343-4.847 6.553-4.847s5.97 2.07 6.555 4.86c.39.135.78.27 1.17.435.118.044.212.137.255.256.15.388.195.898.135 1.513z\\"></path><path d=\\"M18.163 9.092l.075-.074h-.014c-.098 0-.192-.03-.27-.086-1.165-.362-2.36-.615-3.57-.755-.232-.014-.408-.213-.395-.444 0-.012 0-.024.003-.036.013-.102.06-.188.126-.257-.053.02-.11.034-.17.034h-.824v.675c.21.044.36.224.36.434l-.033-.025v1.106c0 .244-.21.444-.45.444H11.19c-.24 0-.44-.21-.44-.45V8.55c0-.214.15-.39.35-.435v-.66h-.824c-.243-.003-.437-.203-.434-.446V5.545c0-.245.21-.443.45-.443h3.658c.245 0 .444.21.444.45v1.47c0 .125-.05.236-.128.317.066-.026.14-.042.223-.033 1.05.135 2.083.33 3.09.615-.707-2.13-2.957-3.66-5.55-3.66-2.597 0-4.847 1.53-5.55 3.675.913-.255 1.86-.435 2.803-.57.255-.03.465.15.495.39.03.24-.15.465-.39.495-1.14.15-2.25.404-3.33.734-.044.03-.097.046-.15.045-.375.12-.735.256-1.11.406-.045.21-.06.51-.015.945.03.316.09.57.18.81 4.624-1.154 9.46-1.154 14.085 0 .075-.224.136-.494.165-.794.03-.375.03-.69-.03-.93-.337-.13-.677-.256-1.02-.374z\\"></path><path d=\\"M14.12 7.44c.056-.024.105-.058.146-.1-.057.022-.105.056-.146.1zM10.725 6.567h.15c.007-.238.203-.428.44-.427h.235c.246 0 .446.2.446.444V8.55c0 .213-.15.39-.36.435v.23h.93v-.23c-.208-.042-.356-.224-.355-.435V6.585c0-.246.21-.446.45-.446h.24c.24 0 .437.19.45.427h.134v-.58h-2.76v.58z\\"></path></svg>"`;

exports[`VueSimpleIcon should render xLarge icon 1`] = `"<svg fill=\\"#39A85B\\" width=\\"48\\" height=\\"48\\" viewBox=\\"0 0 24 24\\" xmlns=\\"http://www.w3.org/2000/svg\\"><title>Travis CI icon</title><path d=\\"M15.044 12.42l.015.01c.12 0 .225-.106.21-.226 0-.122-.1-.22-.22-.22h-.006c-.122-.002-.222.094-.226.215v.01c0 .12.106.224.226.21zM9.23 12.15h-.017c-.122 0-.22.102-.217.223v.007c.002.122.104.22.227.218h.003c.126-.002.227-.105.226-.23-.002-.123-.1-.22-.223-.22zM10.264 15.675l1.79.136 1.665-.352c.12-.024.24 0 .34.07l1.228.84 1.26.118c.135-.3.24-.63.314-.96h-.06l-3.42-.464c-.163-.02-.302-.13-.36-.285l-.614-1.77c-.075-.046-.465-.016-.645.074l-.63 1.71c-.043.147-.165.258-.315.286l-3.345.78-.06.015c.12.406.285.796.48 1.186l1.02-.285-.033-.038 1.054-.944c.09-.083.21-.124.33-.113z\\"></path><path d=\\"M16.893 17.37l-.078.034-1.73-.17c-.07-.016-.138-.04-.202-.075l-1.155-.796-1.53.315c-.045 0-.075.013-.12 0l-1.665-.137-.99.886c-.046.042-.103.073-.165.09l-1.785.51c-.074.014-.15.014-.225 0l1.05 1.184 3.495-.495.3-.616c.06-.113.163-.2.285-.24.123-.032.254-.01.36.06l1.32.886 2.94-.675.63-1.005-.526.21c-.075.014-.135.03-.21.03zM12.418 19.348l.002.012c-.067.13-.192.22-.336.24l-1.12.158c.353.105.72.16 1.102.16.507-.002 1.01-.104 1.477-.3l-.945-.63-.18.36zM6.103 11.783h.002l.42 2.44.93.704 2.915-.675.585-1.647c.032-.083.088-.156.16-.21.05-.034.503-.35 1.065-.35.66 0 .948.426.98.477l.587 1.676 2.98.408.925-.64.615-2.136c-3.974-.9-8.19-.914-12.164-.047zm3 1.84l.002-.01h-.27c-.424 0-.698-.018-.94.11.01-.017.117-.25.496-.347-.05-.13-.074-.267-.074-.404-.026-.686.4-1.25.837-1.256.438 0 .742.555.75 1.245.006.692-.36.647-.8.662zm5.99-2.09v.017c.44-.015.84.525.892 1.216.02.145 0 .292-.05.428.403-.047.5.23.5.244-.294-.15-.618.03-1.204.047-.442.015-.806.015-.833-.676-.025-.69.26-1.26.696-1.276z\\"></path><path d=\\"M12 0C5.373 0 0 5.373 0 12s5.373 12 12 12 12-5.373 12-12S18.627 0 12 0zm8.098 10.38c-.06.57-.195 1.064-.42 1.454-.104.18-.3.255-.494.21l-.045-.015h-.017l-.045-.016-.645 2.294c-.03.107-.094.2-.18.27l-.466.33v.135c-.06.39-.15.78-.255 1.155l.886-.33c.18-.075.374-.015.51.135.122.147.134.357.03.52l-1.41 2.278c-.06.1-.157.17-.27.2l-1.74.404c-.99.875-2.205 1.4-3.48 1.4L12 20.746h-.01c-.988 0-1.903-.31-2.698-.82l-1.245.174h-.06c-.127 0-.247-.045-.337-.15l-2.52-2.82c-.137-.155-.15-.384-.03-.554.125-.165.346-.228.54-.15l1.11.466c-.237-.51-.407-1.065-.507-1.605-.005-.05-.005-.1 0-.15l-.51-.39c-.096-.06-.156-.165-.17-.285l-.43-2.535-.34.09c-.04.015-.074.015-.12.015-.155-.003-.297-.09-.374-.225-.226-.39-.37-.87-.42-1.455-.062-.615-.022-1.125.128-1.5.038-.117.126-.21.24-.255.387-.165.78-.3 1.182-.435.585-2.775 3.343-4.847 6.553-4.847s5.97 2.07 6.555 4.86c.39.135.78.27 1.17.435.118.044.212.137.255.256.15.388.195.898.135 1.513z\\"></path><path d=\\"M18.163 9.092l.075-.074h-.014c-.098 0-.192-.03-.27-.086-1.165-.362-2.36-.615-3.57-.755-.232-.014-.408-.213-.395-.444 0-.012 0-.024.003-.036.013-.102.06-.188.126-.257-.053.02-.11.034-.17.034h-.824v.675c.21.044.36.224.36.434l-.033-.025v1.106c0 .244-.21.444-.45.444H11.19c-.24 0-.44-.21-.44-.45V8.55c0-.214.15-.39.35-.435v-.66h-.824c-.243-.003-.437-.203-.434-.446V5.545c0-.245.21-.443.45-.443h3.658c.245 0 .444.21.444.45v1.47c0 .125-.05.236-.128.317.066-.026.14-.042.223-.033 1.05.135 2.083.33 3.09.615-.707-2.13-2.957-3.66-5.55-3.66-2.597 0-4.847 1.53-5.55 3.675.913-.255 1.86-.435 2.803-.57.255-.03.465.15.495.39.03.24-.15.465-.39.495-1.14.15-2.25.404-3.33.734-.044.03-.097.046-.15.045-.375.12-.735.256-1.11.406-.045.21-.06.51-.015.945.03.316.09.57.18.81 4.624-1.154 9.46-1.154 14.085 0 .075-.224.136-.494.165-.794.03-.375.03-.69-.03-.93-.337-.13-.677-.256-1.02-.374z\\"></path><path d=\\"M14.12 7.44c.056-.024.105-.058.146-.1-.057.022-.105.056-.146.1zM10.725 6.567h.15c.007-.238.203-.428.44-.427h.235c.246 0 .446.2.446.444V8.55c0 .213-.15.39-.36.435v.23h.93v-.23c-.208-.042-.356-.224-.355-.435V6.585c0-.246.21-.446.45-.446h.24c.24 0 .437.19.45.427h.134v-.58h-2.76v.58z\\"></path></svg>"`;
